SQL> T VARCHAR2(40) PRIMARY KEY,
SP2-0734: unknown command beginning "T VARCHAR2..." - rest of line ignored.
SQL> CREATE TABLE TITULACION
  2  T VARCHAR2(40) PRIMARY KEY,
  3  FAC VARCHAR2(20);
T VARCHAR2(40) PRIMARY KEY,
*
ERROR at line 2:
ORA-00922: missing or invalid option 


SQL> CREATE TABLE TITULACION
  2  (T VARCHAR2(40) PRIMARY KEY,
  3  FAC VARCHAR2(20));

Table created.

SQL> DROP TABLE TITULACION;

Table dropped.

SQL> CREATE TABLE TITULACION
  2  (T VARCHAR2(4) PRIMARY KEY,
  3  FAC VARCHAR2(20));

Table created.

SQL> INSERT INTO TITULACION(T)
  2  SELECT T
  3  FROM ASIGNATURA
  4  ;
INSERT INTO TITULACION(T)
*
ERROR at line 1:
ORA-00001: unique constraint (ALU0100981506.SYS_C0025427) violated 


SQL> SPOOL OFF
